// Jest Snapshot v1, https://goo.gl/fbAQLP

exports[`AppComponent should render properly 1`] = `
<div
  id="root2"
>
  <mat-card
    class="mat-mdc-card mdc-card"
  >
    <mat-card-title
      class="mat-mdc-card-title"
    >
      Welcome, developers!
    </mat-card-title>
    <mat-card-content
      class="mat-mdc-card-content"
    >
      Hi, I'm here to help you live memorable experiences!
    </mat-card-content>
    <mat-card-actions
      class="mat-mdc-card-actions mdc-card__actions"
    >
      <button
        class="mdc-button mat-mdc-button mdc-button--unelevated mat-mdc-unelevated-button mat-primary _mat-animation-noopable mat-mdc-button-base"
        color="primary"
        mat-button=""
        mat-flat-button=""
        mat-ripple-loader-class-name="mat-mdc-button-ripple"
        mat-ripple-loader-uninitialized=""
      >
        <span
          class="mat-mdc-button-persistent-ripple mdc-button__ripple"
        />
        <span
          class="mdc-button__label"
        >
           Ok 
        </span>
        <span
          class="mat-focus-indicator"
        />
        <span
          class="mat-mdc-button-touch-target"
        />
      </button>
      <button
        class="mdc-button mat-mdc-button mdc-button--unelevated mat-mdc-unelevated-button mat-accent _mat-animation-noopable mat-mdc-button-base"
        color="accent"
        mat-button=""
        mat-flat-button=""
        mat-ripple-loader-class-name="mat-mdc-button-ripple"
        mat-ripple-loader-uninitialized=""
      >
        <span
          class="mat-mdc-button-persistent-ripple mdc-button__ripple"
        />
        <span
          class="mdc-button__label"
        >
           Cancel 
        </span>
        <span
          class="mat-focus-indicator"
        />
        <span
          class="mat-mdc-button-touch-target"
        />
      </button>
    </mat-card-actions>
  </mat-card>
</div>
`;
